Archive member included to satisfy reference by file (symbol)

c:/st/stm32cubeide_1.3.0/stm32cubeide/plugins/com.st.stm32cube.ide.mcu.externaltools.gnu-tools-for-stm32.10.3-2021.10.win32_1.0.0.202111181127/tools/bin/../lib/gcc/arm-none-eabi/10.3.1/../../../../arm-none-eabi/lib/thumb/v7e-m+fp/hard\libc_nano.a(lib_a-errno.o)
                              ./Core/Src/syscalls.o (__errno)
c:/st/stm32cubeide_1.3.0/stm32cubeide/plugins/com.st.stm32cube.ide.mcu.externaltools.gnu-tools-for-stm32.10.3-2021.10.win32_1.0.0.202111181127/tools/bin/../lib/gcc/arm-none-eabi/10.3.1/../../../../arm-none-eabi/lib/thumb/v7e-m+fp/hard\libc_nano.a(lib_a-exit.o)
                              c:/st/stm32cubeide_1.3.0/stm32cubeide/plugins/com.st.stm32cube.ide.mcu.externaltools.gnu-tools-for-stm32.10.3-2021.10.win32_1.0.0.202111181127/tools/bin/../lib/gcc/arm-none-eabi/10.3.1/../../../../arm-none-eabi/lib/thumb/v7e-m+fp/hard/crt0.o (exit)
c:/st/stm32cubeide_1.3.0/stm32cubeide/plugins/com.st.stm32cube.ide.mcu.externaltools.gnu-tools-for-stm32.10.3-2021.10.win32_1.0.0.202111181127/tools/bin/../lib/gcc/arm-none-eabi/10.3.1/../../../../arm-none-eabi/lib/thumb/v7e-m+fp/hard\libc_nano.a(lib_a-impure.o)
                              c:/st/stm32cubeide_1.3.0/stm32cubeide/plugins/com.st.stm32cube.ide.mcu.externaltools.gnu-tools-for-stm32.10.3-2021.10.win32_1.0.0.202111181127/tools/bin/../lib/gcc/arm-none-eabi/10.3.1/../../../../arm-none-eabi/lib/thumb/v7e-m+fp/hard\libc_nano.a(lib_a-exit.o) (_global_impure_ptr)
c:/st/stm32cubeide_1.3.0/stm32cubeide/plugins/com.st.stm32cube.ide.mcu.externaltools.gnu-tools-for-stm32.10.3-2021.10.win32_1.0.0.202111181127/tools/bin/../lib/gcc/arm-none-eabi/10.3.1/../../../../arm-none-eabi/lib/thumb/v7e-m+fp/hard\libc_nano.a(lib_a-init.o)
                              c:/st/stm32cubeide_1.3.0/stm32cubeide/plugins/com.st.stm32cube.ide.mcu.externaltools.gnu-tools-for-stm32.10.3-2021.10.win32_1.0.0.202111181127/tools/bin/../lib/gcc/arm-none-eabi/10.3.1/../../../../arm-none-eabi/lib/thumb/v7e-m+fp/hard/crt0.o (__libc_init_array)
c:/st/stm32cubeide_1.3.0/stm32cubeide/plugins/com.st.stm32cube.ide.mcu.externaltools.gnu-tools-for-stm32.10.3-2021.10.win32_1.0.0.202111181127/tools/bin/../lib/gcc/arm-none-eabi/10.3.1/../../../../arm-none-eabi/lib/thumb/v7e-m+fp/hard\libc_nano.a(lib_a-memset.o)
                              c:/st/stm32cubeide_1.3.0/stm32cubeide/plugins/com.st.stm32cube.ide.mcu.externaltools.gnu-tools-for-stm32.10.3-2021.10.win32_1.0.0.202111181127/tools/bin/../lib/gcc/arm-none-eabi/10.3.1/../../../../arm-none-eabi/lib/thumb/v7e-m+fp/hard/crt0.o (memset)
c:/st/stm32cubeide_1.3.0/stm32cubeide/plugins/com.st.stm32cube.ide.mcu.externaltools.gnu-tools-for-stm32.10.3-2021.10.win32_1.0.0.202111181127/tools/bin/../lib/gcc/arm-none-eabi/10.3.1/../../../../arm-none-eabi/lib/thumb/v7e-m+fp/hard\libc_nano.a(lib_a-strcmp.o)
                              ./Core/Src/OS/OS_Internal.o (strcmp)
c:/st/stm32cubeide_1.3.0/stm32cubeide/plugins/com.st.stm32cube.ide.mcu.externaltools.gnu-tools-for-stm32.10.3-2021.10.win32_1.0.0.202111181127/tools/bin/../lib/gcc/arm-none-eabi/10.3.1/thumb/v7e-m+fp/hard\libgcc.a(_aeabi_uldivmod.o)
                              ./Drivers/STM32F4xx_HAL_Driver/Src/stm32f4xx_hal_rcc.o (__aeabi_uldivmod)
c:/st/stm32cubeide_1.3.0/stm32cubeide/plugins/com.st.stm32cube.ide.mcu.externaltools.gnu-tools-for-stm32.10.3-2021.10.win32_1.0.0.202111181127/tools/bin/../lib/gcc/arm-none-eabi/10.3.1/thumb/v7e-m+fp/hard\libgcc.a(_udivmoddi4.o)
                              c:/st/stm32cubeide_1.3.0/stm32cubeide/plugins/com.st.stm32cube.ide.mcu.externaltools.gnu-tools-for-stm32.10.3-2021.10.win32_1.0.0.202111181127/tools/bin/../lib/gcc/arm-none-eabi/10.3.1/thumb/v7e-m+fp/hard\libgcc.a(_aeabi_uldivmod.o) (__udivmoddi4)
c:/st/stm32cubeide_1.3.0/stm32cubeide/plugins/com.st.stm32cube.ide.mcu.externaltools.gnu-tools-for-stm32.10.3-2021.10.win32_1.0.0.202111181127/tools/bin/../lib/gcc/arm-none-eabi/10.3.1/thumb/v7e-m+fp/hard\libgcc.a(_dvmd_tls.o)
                              c:/st/stm32cubeide_1.3.0/stm32cubeide/plugins/com.st.stm32cube.ide.mcu.externaltools.gnu-tools-for-stm32.10.3-2021.10.win32_1.0.0.202111181127/tools/bin/../lib/gcc/arm-none-eabi/10.3.1/thumb/v7e-m+fp/hard\libgcc.a(_aeabi_uldivmod.o) (__aeabi_ldiv0)

Discarded input sections

 .text          0x0000000000000000        0x0 c:/st/stm32cubeide_1.3.0/stm32cubeide/plugins/com.st.stm32cube.ide.mcu.externaltools.gnu-tools-for-stm32.10.3-2021.10.win32_1.0.0.202111181127/tools/bin/../lib/gcc/arm-none-eabi/10.3.1/thumb/v7e-m+fp/hard/crti.o
 .data          0x0000000000000000        0x0 c:/st/stm32cubeide_1.3.0/stm32cubeide/plugins/com.st.stm32cube.ide.mcu.externaltools.gnu-tools-for-stm32.10.3-2021.10.win32_1.0.0.202111181127/tools/bin/../lib/gcc/arm-none-eabi/10.3.1/thumb/v7e-m+fp/hard/crti.o
[...]
Memory Configuration

Name             Origin             Length             Attributes
CCMRAM           0x0000000010000000 0x0000000000010000 xrw
RAM              0x0000000020000000 0x0000000000020000 xrw
FLASH            0x0000000008000000 0x0000000000100000 xr
*default*        0x0000000000000000 0xffffffffffffffff

Linker script and memory map

LOAD c:/st/stm32cubeide_1.3.0/stm32cubeide/plugins/com.st.stm32cube.ide.mcu.externaltools.gnu-tools-for-stm32.10.3-2021.10.win32_1.0.0.202111181127/tools/bin/../lib/gcc/arm-none-eabi/10.3.1/thumb/v7e-m+fp/hard/crti.o
LOAD c:/st/stm32cubeide_1.3.0/stm32cubeide/plugins/com.st.stm32cube.ide.mcu.externaltools.gnu-tools-for-stm32.10.3-2021.10.win32_1.0.0.202111181127/tools/bin/../lib/gcc/arm-none-eabi/10.3.1/thumb/v7e-m+fp/hard/crtbegin.o
LOAD c:/st/stm32cubeide_1.3.0/stm32cubeide/plugins/com.st.stm32cube.ide.mcu.externaltools.gnu-tools-for-stm32.10.3-2021.10.win32_1.0.0.202111181127/tools/bin/../lib/gcc/arm-none-eabi/10.3.1/../../../../arm-none-eabi/lib/thumb/v7e-m+fp/hard/crt0.o
LOAD ./Core/Src/OS/OS.o
LOAD ./Core/Src/OS/OS_Callbacks.o
LOAD ./Core/Src/OS/OS_Event.o
LOAD ./Core/Src/OS/OS_Heap.o
LOAD ./Core/Src/OS/OS_Internal.o
LOAD ./Core/Src/OS/OS_MsgQ.o
LOAD ./Core/Src/OS/OS_Mutex.o
LOAD ./Core/Src/OS/OS_Obj.o
LOAD ./Core/Src/OS/OS_Scheduler.o
LOAD ./Core/Src/OS/OS_Sem.o
LOAD ./Core/Src/OS/OS_Tasks.o
LOAD ./Core/Src/OS/OS_Tick.o
LOAD ./Core/Src/gpio.o
LOAD ./Core/Src/main.o
LOAD ./Core/Src/stm32f4xx_hal_msp.o
LOAD ./Core/Src/stm32f4xx_it.o
LOAD ./Core/Src/syscalls.o
LOAD ./Core/Src/sysmem.o
LOAD ./Core/Src/system_stm32f4xx.o
LOAD ./Core/Src/tim.o
LOAD ./Core/Startup/startup_stm32f407vgtx.o
LOAD ./Drivers/STM32F4xx_HAL_Driver/Src/stm32f4xx_hal.o
LOAD ./Drivers/STM32F4xx_HAL_Driver/Src/stm32f4xx_hal_cortex.o
LOAD ./Drivers/STM32F4xx_HAL_Driver/Src/stm32f4xx_hal_dma.o
LOAD ./Drivers/STM32F4xx_HAL_Driver/Src/stm32f4xx_hal_dma_ex.o
LOAD ./Drivers/STM32F4xx_HAL_Driver/Src/stm32f4xx_hal_exti.o
LOAD ./Drivers/STM32F4xx_HAL_Driver/Src/stm32f4xx_hal_flash.o
LOAD ./Drivers/STM32F4xx_HAL_Driver/Src/stm32f4xx_hal_flash_ex.o
LOAD ./Drivers/STM32F4xx_HAL_Driver/Src/stm32f4xx_hal_flash_ramfunc.o
LOAD ./Drivers/STM32F4xx_HAL_Driver/Src/stm32f4xx_hal_gpio.o
LOAD ./Drivers/STM32F4xx_HAL_Driver/Src/stm32f4xx_hal_pwr.o
LOAD ./Drivers/STM32F4xx_HAL_Driver/Src/stm32f4xx_hal_pwr_ex.o
LOAD ./Drivers/STM32F4xx_HAL_Driver/Src/stm32f4xx_hal_rcc.o
LOAD ./Drivers/STM32F4xx_HAL_Driver/Src/stm32f4xx_hal_rcc_ex.o
LOAD ./Drivers/STM32F4xx_HAL_Driver/Src/stm32f4xx_hal_tim.o
LOAD ./Drivers/STM32F4xx_HAL_Driver/Src/stm32f4xx_hal_tim_ex.o
START GROUP
LOAD c:/st/stm32cubeide_1.3.0/stm32cubeide/plugins/com.st.stm32cube.ide.mcu.externaltools.gnu-tools-for-stm32.10.3-2021.10.win32_1.0.0.202111181127/tools/bin/../lib/gcc/arm-none-eabi/10.3.1/../../../../arm-none-eabi/lib/thumb/v7e-m+fp/hard\libc_nano.a
LOAD c:/st/stm32cubeide_1.3.0/stm32cubeide/plugins/com.st.stm32cube.ide.mcu.externaltools.gnu-tools-for-stm32.10.3-2021.10.win32_1.0.0.202111181127/tools/bin/../lib/gcc/arm-none-eabi/10.3.1/../../../../arm-none-eabi/lib/thumb/v7e-m+fp/hard\libm.a
END GROUP
START GROUP
LOAD c:/st/stm32cubeide_1.3.0/stm32cubeide/plugins/com.st.stm32cube.ide.mcu.externaltools.gnu-tools-for-stm32.10.3-2021.10.win32_1.0.0.202111181127/tools/bin/../lib/gcc/arm-none-eabi/10.3.1/thumb/v7e-m+fp/hard\libgcc.a
LOAD c:/st/stm32cubeide_1.3.0/stm32cubeide/plugins/com.st.stm32cube.ide.mcu.externaltools.gnu-tools-for-stm32.10.3-2021.10.win32_1.0.0.202111181127/tools/bin/../lib/gcc/arm-none-eabi/10.3.1/../../../../arm-none-eabi/lib/thumb/v7e-m+fp/hard\libc_nano.a
END GROUP
START GROUP
LOAD c:/st/stm32cubeide_1.3.0/stm32cubeide/plugins/com.st.stm32cube.ide.mcu.externaltools.gnu-tools-for-stm32.10.3-2021.10.win32_1.0.0.202111181127/tools/bin/../lib/gcc/arm-none-eabi/10.3.1/thumb/v7e-m+fp/hard\libgcc.a
LOAD c:/st/stm32cubeide_1.3.0/stm32cubeide/plugins/com.st.stm32cube.ide.mcu.externaltools.gnu-tools-for-stm32.10.3-2021.10.win32_1.0.0.202111181127/tools/bin/../lib/gcc/arm-none-eabi/10.3.1/../../../../arm-none-eabi/lib/thumb/v7e-m+fp/hard\libc_nano.a
LOAD c:/st/stm32cubeide_1.3.0/stm32cubeide/plugins/com.st.stm32cube.ide.mcu.externaltools.gnu-tools-for-stm32.10.3-2021.10.win32_1.0.0.202111181127/tools/bin/../lib/gcc/arm-none-eabi/10.3.1/../../../../arm-none-eabi/lib/thumb/v7e-m+fp/hard\libnosys.a
END GROUP
START GROUP
LOAD c:/st/stm32cubeide_1.3.0/stm32cubeide/plugins/com.st.stm32cube.ide.mcu.externaltools.gnu-tools-for-stm32.10.3-2021.10.win32_1.0.0.202111181127/tools/bin/../lib/gcc/arm-none-eabi/10.3.1/thumb/v7e-m+fp/hard\libgcc.a
LOAD c:/st/stm32cubeide_1.3.0/stm32cubeide/plugins/com.st.stm32cube.ide.mcu.externaltools.gnu-tools-for-stm32.10.3-2021.10.win32_1.0.0.202111181127/tools/bin/../lib/gcc/arm-none-eabi/10.3.1/../../../../arm-none-eabi/lib/thumb/v7e-m+fp/hard\libc_nano.a
LOAD c:/st/stm32cubeide_1.3.0/stm32cubeide/plugins/com.st.stm32cube.ide.mcu.externaltools.gnu-tools-for-stm32.10.3-2021.10.win32_1.0.0.202111181127/tools/bin/../lib/gcc/arm-none-eabi/10.3.1/../../../../arm-none-eabi/lib/thumb/v7e-m+fp/hard\libnosys.a
END GROUP
LOAD c:/st/stm32cubeide_1.3.0/stm32cubeide/plugins/com.st.stm32cube.ide.mcu.externaltools.gnu-tools-for-stm32.10.3-2021.10.win32_1.0.0.202111181127/tools/bin/../lib/gcc/arm-none-eabi/10.3.1/thumb/v7e-m+fp/hard/crtend.o
LOAD c:/st/stm32cubeide_1.3.0/stm32cubeide/plugins/com.st.stm32cube.ide.mcu.externaltools.gnu-tools-for-stm32.10.3-2021.10.win32_1.0.0.202111181127/tools/bin/../lib/gcc/arm-none-eabi/10.3.1/thumb/v7e-m+fp/hard/crtn.o
                0x0000000020020000                _estack = (ORIGIN (RAM) + LENGTH (RAM))
                0x0000000000000400                _Min_Heap_Size = 0x400
                0x0000000000000200                _Min_Stack_Size = 0x200

.isr_vector     0x0000000008000000      0x188
                0x0000000008000000                . = ALIGN (0x4)
 *(.isr_vector)
 .isr_vector    0x0000000008000000      0x188 ./Core/Startup/startup_stm32f407vgtx.o
                0x0000000008000000                g_pfnVectors
                0x0000000008000188                . = ALIGN (0x4)

.text           0x0000000008000188     0x4b4c
                0x0000000008000188                . = ALIGN (0x4)
 *(.text)
 .text          0x0000000008000188       0x40 c:/st/stm32cubeide_1.3.0/stm32cubeide/plugins/com.st.stm32cube.ide.mcu.externaltools.gnu-tools-for-stm32.10.3-2021.10.win32_1.0.0.202111181127/tools/bin/../lib/gcc/arm-none-eabi/10.3.1/thumb/v7e-m+fp/hard/crtbegin.o
 .text          0x00000000080001c8       0x14 c:/st/stm32cubeide_1.3.0/stm32cubeide/plugins/com.st.stm32cube.ide.mcu.externaltools.gnu-tools-for-stm32.10.3-2021.10.win32_1.0.0.202111181127/tools/bin/../lib/gcc/arm-none-eabi/10.3.1/../../../../arm-none-eabi/lib/thumb/v7e-m+fp/hard\libc_nano.a(lib_a-strcmp.o)
                0x00000000080001c8                strcmp
 .text          0x00000000080001dc       0x30 c:/st/stm32cubeide_1.3.0/stm32cubeide/plugins/com.st.stm32cube.ide.mcu.externaltools.gnu-tools-for-stm32.10.3-2021.10.win32_1.0.0.202111181127/tools/bin/../lib/gcc/arm-none-eabi/10.3.1/thumb/v7e-m+fp/hard\libgcc.a(_aeabi_uldivmod.o)
                0x00000000080001dc                __aeabi_uldivmod
 .text          0x000000000800020c      0x2d0 c:/st/stm32cubeide_1.3.0/stm32cubeide/plugins/com.st.stm32cube.ide.mcu.externaltools.gnu-tools-for-stm32.10.3-2021.10.win32_1.0.0.202111181127/tools/bin/../lib/gcc/arm-none-eabi/10.3.1/thumb/v7e-m+fp/hard\libgcc.a(_udivmoddi4.o)
                0x000000000800020c                __udivmoddi4
 .text          0x00000000080004dc        0x4 c:/st/stm32cubeide_1.3.0/stm32cubeide/plugins/com.st.stm32cube.ide.mcu.externaltools.gnu-tools-for-stm32.10.3-2021.10.win32_1.0.0.202111181127/tools/bin/../lib/gcc/arm-none-eabi/10.3.1/thumb/v7e-m+fp/hard\libgcc.a(_dvmd_tls.o)
                0x00000000080004dc                __aeabi_idiv0
                0x00000000080004dc                __aeabi_ldiv0
 *(.text*)
 .text.os_init_get
                0x00000000080004e0       0x18 ./Core/Src/OS/OS.o
                0x00000000080004e0                os_init_get
 .text.os_init  0x00000000080004f8       0xd0 ./Core/Src/OS/OS.o
                0x00000000080004f8                os_init
 .text.os_task_on_ready_cb
                0x00000000080005c8       0x14 ./Core/Src/OS/OS_Callbacks.o
                0x00000000080005c8                os_task_on_ready_cb
 .text.os_task_on_block_cb
                0x00000000080005dc       0x14 ./Core/Src/OS/OS_Callbacks.o
                0x00000000080005dc                os_task_on_block_cb
 .text.os_idle_task_fn
                0x00000000080005f0        0xa ./Core/Src/OS/OS_Callbacks.o
                0x00000000080005f0                os_idle_task_fn
 .text.os_no_task_ready_cb
                0x00000000080005fa        0xe ./Core/Src/OS/OS_Callbacks.o
                0x00000000080005fa                os_no_task_ready_cb
 .text.os_insufficient_heap_cb
                0x0000000008000608        0xe ./Core/Src/OS/OS_Callbacks.o
                0x0000000008000608                os_insufficient_heap_cb
 *fill*         0x0000000008000616        0x2 
 .text.os_heap_BlockGetSize
                0x0000000008000618       0x3c ./Core/Src/OS/OS_Heap.o
 .text.os_heap_AllocateBeginning
                0x0000000008000654       0x60 ./Core/Src/OS/OS_Heap.o
 .text.os_heap_AllocateEnd
                0x00000000080006b4       0x66 ./Core/Src/OS/OS_Heap.o
 *fill*         0x000000000800071a        0x2 
 .text.os_heap_clear
                0x000000000800071c       0x30 ./Core/Src/OS/OS_Heap.o
                0x000000000800071c                os_heap_clear
 .text.os_heap_alloc
                0x000000000800074c       0xcc ./Core/Src/OS/OS_Heap.o
                0x000000000800074c                os_heap_alloc
 .text.os_heap_free
                0x0000000008000818      0x13c ./Core/Src/OS/OS_Heap.o
                0x0000000008000818                os_heap_free
 .text.os_mutex_udpatePrio
                0x0000000008000954       0x84 ./Core/Src/OS/OS_Internal.o
 .text.os_task_udpatePrio
                0x00000000080009d8       0xbc ./Core/Src/OS/OS_Internal.o
 .text.os_obj_updatePrio
                0x0000000008000a94       0xc8 ./Core/Src/OS/OS_Internal.o
                0x0000000008000a94                os_obj_updatePrio
 .text.os_list_init
                0x0000000008000b5c       0x46 ./Core/Src/OS/OS_Internal.o
                0x0000000008000b5c                os_list_init
 .text.os_list_search
                0x0000000008000ba2       0x60 ./Core/Src/OS/OS_Internal.o
                0x0000000008000ba2                os_list_search
 .text.os_handle_list_searchByName
                0x0000000008000c02       0x84 ./Core/Src/OS/OS_Internal.o
                0x0000000008000c02                os_handle_list_searchByName
 .text.os_list_add
                0x0000000008000c86       0xdc ./Core/Src/OS/OS_Internal.o
                0x0000000008000c86                os_list_add
 .text.os_list_remove
                0x0000000008000d62       0xf0 ./Core/Src/OS/OS_Internal.o
                0x0000000008000d62                os_list_remove
 .text.os_list_pop
                0x0000000008000e52      0x110 ./Core/Src/OS/OS_Internal.o
                0x0000000008000e52                os_list_pop
 .text.os_list_clear
                0x0000000008000f62       0x50 ./Core/Src/OS/OS_Internal.o
                0x0000000008000f62                os_list_clear
 .text.os_task_list_sort
                0x0000000008000fb2      0x148 ./Core/Src/OS/OS_Internal.o
                0x0000000008000fb2                os_task_list_sort
 *fill*         0x00000000080010fa        0x2 
 .text.os_handle_list_getObjToUpdate
                0x00000000080010fc       0x3c ./Core/Src/OS/OS_Internal.o
                0x00000000080010fc                os_handle_list_getObjToUpdate
 .text.os_task_list_isObjFreeOnTask
                0x0000000008001138      0x18e ./Core/Src/OS/OS_Internal.o
                0x0000000008001138                os_task_list_isObjFreeOnTask
 *fill*         0x00000000080012c6        0x2 
 .text.os_handle_list_updateAndCheck
                0x00000000080012c8      0x33c ./Core/Src/OS/OS_Internal.o
                0x00000000080012c8                os_handle_list_updateAndCheck
 .text.os_msgQ_updateAndCheck
                0x0000000008001604      0x124 ./Core/Src/OS/OS_Internal.o
                0x0000000008001604                os_msgQ_updateAndCheck
 .text.os_msgQ_getFreeCount
                0x0000000008001728       0x16 ./Core/Src/OS/OS_MsgQ.o
 .text.os_msgQ_objTake
                0x000000000800173e       0x18 ./Core/Src/OS/OS_MsgQ.o
 *fill*         0x0000000008001756        0x2 
 .text.os_msgQ_create
                0x0000000008001758      0x120 ./Core/Src/OS/OS_MsgQ.o
                0x0000000008001758                os_msgQ_create
 .text.os_msgQ_push
                0x0000000008001878       0x62 ./Core/Src/OS/OS_MsgQ.o
                0x0000000008001878                os_msgQ_push
 *fill*         0x00000000080018da        0x2 
 .text.os_msgQ_delete
                0x00000000080018dc       0x50 ./Core/Src/OS/OS_MsgQ.o
                0x00000000080018dc                os_msgQ_delete
 .text.os_msgQ_getNumberOfMsgs
                0x000000000800192c       0x34 ./Core/Src/OS/OS_MsgQ.o
                0x000000000800192c                os_msgQ_getNumberOfMsgs
 .text.os_msgQ_wait
                0x0000000008001960      0x240 ./Core/Src/OS/OS_MsgQ.o
                0x0000000008001960                os_msgQ_wait
 .text.os_mutex_getFreeCount
                0x0000000008001ba0       0x38 ./Core/Src/OS/OS_Mutex.o
 .text.os_mutex_objTake
                0x0000000008001bd8       0x6e ./Core/Src/OS/OS_Mutex.o
 *fill*         0x0000000008001c46        0x2 
 .text.os_mutex_create
                0x0000000008001c48       0xf0 ./Core/Src/OS/OS_Mutex.o
                0x0000000008001c48                os_mutex_create
 .text.os_mutex_release
                0x0000000008001d38       0xa0 ./Core/Src/OS/OS_Mutex.o
                0x0000000008001d38                os_mutex_release
 .text.os_mutex_delete
                0x0000000008001dd8       0x44 ./Core/Src/OS/OS_Mutex.o
                0x0000000008001dd8                os_mutex_delete
 .text.os_obj_wait
                0x0000000008001e1c      0x740 ./Core/Src/OS/OS_Obj.o
 .text.os_obj_single_wait
                0x000000000800255c       0x2c ./Core/Src/OS/OS_Obj.o
                0x000000000800255c                os_obj_single_wait
 .text.os_obj_multiple_WaitAll
                0x0000000008002588       0xae ./Core/Src/OS/OS_Obj.o
                0x0000000008002588                os_obj_multiple_WaitAll
 *fill*         0x0000000008002636        0x2 
 .text.os_round_robin
                0x0000000008002638       0xec ./Core/Src/OS/OS_Scheduler.o
 .text.os_scheduler
                0x0000000008002724       0x94 ./Core/Src/OS/OS_Scheduler.o
 .text.PendSV_Handler
                0x00000000080027b8       0x3a ./Core/Src/OS/OS_Scheduler.o
                0x00000000080027b8                PendSV_Handler
 *fill*         0x00000000080027f2        0x2 
 .text.os_scheduler_start
                0x00000000080027f4       0x64 ./Core/Src/OS/OS_Scheduler.o
                0x00000000080027f4                os_scheduler_start
 .text.os_scheduler_state_get
                0x0000000008002858       0x18 ./Core/Src/OS/OS_Scheduler.o
                0x0000000008002858                os_scheduler_state_get
 .text.os_task_init_stack
                0x0000000008002870       0x60 ./Core/Src/OS/OS_Tasks.o
 .text.os_task_getFreeCount
                0x00000000080028d0       0x7e ./Core/Src/OS/OS_Tasks.o
 .text.os_task_objTake
                0x000000000800294e       0x18 ./Core/Src/OS/OS_Tasks.o
 *fill*         0x0000000008002966        0x2 
 .text.os_task_init
                0x0000000008002968      0x1a0 ./Core/Src/OS/OS_Tasks.o
                0x0000000008002968                os_task_init
 .text.os_task_must_yeild
                0x0000000008002b08       0x88 ./Core/Src/OS/OS_Tasks.o
                0x0000000008002b08                os_task_must_yeild
 .text.os_task_create
                0x0000000008002b90      0x37c ./Core/Src/OS/OS_Tasks.o
                0x0000000008002b90                os_task_create
 .text.os_task_end
                0x0000000008002f0c       0x18 ./Core/Src/OS/OS_Tasks.o
                0x0000000008002f0c                os_task_end
 .text.os_task_return
                0x0000000008002f24       0x58 ./Core/Src/OS/OS_Tasks.o
                0x0000000008002f24                os_task_return
 .text.os_task_delete
                0x0000000008002f7c      0x174 ./Core/Src/OS/OS_Tasks.o
                0x0000000008002f7c                os_task_delete
 .text.os_task_yeild
                0x00000000080030f0       0x24 ./Core/Src/OS/OS_Tasks.o
                0x00000000080030f0                os_task_yeild
 .text.os_task_getPrio
                0x0000000008003114       0x38 ./Core/Src/OS/OS_Tasks.o
                0x0000000008003114                os_task_getPrio
 .text.os_task_sleep
                0x000000000800314c       0x58 ./Core/Src/OS/OS_Tasks.o
                0x000000000800314c                os_task_sleep
 .text.os_task_getState
                0x00000000080031a4       0x6c ./Core/Src/OS/OS_Tasks.o
                0x00000000080031a4                os_task_getState
 .text.os_tick  0x0000000008003210      0x10c ./Core/Src/OS/OS_Tick.o
                0x0000000008003210                os_tick
 .text.MX_GPIO_Init
                0x000000000800331c      0x1d4 ./Core/Src/gpio.o
                0x000000000800331c                MX_GPIO_Init
 .text.HAL_GPIO_EXTI_Callback
                0x00000000080034f0       0x16 ./Core/Src/main.o
                0x00000000080034f0                HAL_GPIO_EXTI_Callback
 *fill*         0x0000000008003506        0x2 
 .text.t0       0x0000000008003508       0x4c ./Core/Src/main.o
                0x0000000008003508                t0
 .text.t1       0x0000000008003554       0x38 ./Core/Src/main.o
                0x0000000008003554                t1
 .text.t2       0x000000000800358c       0x50 ./Core/Src/main.o
                0x000000000800358c                t2
 .text.t3       0x00000000080035dc       0x6c ./Core/Src/main.o
                0x00000000080035dc                t3
 .text.t4       0x0000000008003648       0x16 ./Core/Src/main.o
                0x0000000008003648                t4
 *fill*         0x000000000800365e        0x2 
 .text.main     0x0000000008003660      0x188 ./Core/Src/main.o
                0x0000000008003660                main
 .text.SystemClock_Config
                0x00000000080037e8       0xd0 ./Core/Src/main.o
                0x00000000080037e8                SystemClock_Config
 .text.Error_Handler
                0x00000000080038b8       0x1c ./Core/Src/main.o
                0x00000000080038b8                Error_Handler
 .text.HAL_MspInit
                0x00000000080038d4       0x94 ./Core/Src/stm32f4xx_hal_msp.o
                0x00000000080038d4                HAL_MspInit
 .text.NMI_Handler
                0x0000000008003968        0xe ./Core/Src/stm32f4xx_it.o
                0x0000000008003968                NMI_Handler
 .text.HardFault_Handler
                0x0000000008003976        0x6 ./Core/Src/stm32f4xx_it.o
                0x0000000008003976                HardFault_Handler
 .text.MemManage_Handler
                0x000000000800397c        0x6 ./Core/Src/stm32f4xx_it.o
                0x000000000800397c                MemManage_Handler
 .text.BusFault_Handler
                0x0000000008003982        0x6 ./Core/Src/stm32f4xx_it.o
                0x0000000008003982                BusFault_Handler
 .text.UsageFault_Handler
                0x0000000008003988        0x6 ./Core/Src/stm32f4xx_it.o
                0x0000000008003988                UsageFault_Handler
 .text.SVC_Handler
                0x000000000800398e        0xe ./Core/Src/stm32f4xx_it.o
                0x000000000800398e                SVC_Handler
 .text.DebugMon_Handler
                0x000000000800399c        0xe ./Core/Src/stm32f4xx_it.o
                0x000000000800399c                DebugMon_Handler
 .text.SysTick_Handler
                0x00000000080039aa       0x12 ./Core/Src/stm32f4xx_it.o
                0x00000000080039aa                SysTick_Handler
 .text.EXTI0_IRQHandler
                0x00000000080039bc        0xe ./Core/Src/stm32f4xx_it.o
                0x00000000080039bc                EXTI0_IRQHandler
 *fill*         0x00000000080039ca        0x2 
 .text.SystemInit
                0x00000000080039cc       0x2c ./Core/Src/system_stm32f4xx.o
                0x00000000080039cc                SystemInit
 .text.MX_TIM13_Init
                0x00000000080039f8       0x58 ./Core/Src/tim.o
                0x00000000080039f8                MX_TIM13_Init
 .text.HAL_TIM_Base_MspInit
                0x0000000008003a50       0x44 ./Core/Src/tim.o
                0x0000000008003a50                HAL_TIM_Base_MspInit
 .text.Reset_Handler
                0x0000000008003a94       0x50 ./Core/Startup/startup_stm32f407vgtx.o
                0x0000000008003a94                Reset_Handler
 .text.Default_Handler
                0x0000000008003ae4        0x2 ./Core/Startup/startup_stm32f407vgtx.o
                0x0000000008003ae4                RTC_Alarm_IRQHandler
                0x0000000008003ae4                HASH_RNG_IRQHandler
                0x0000000008003ae4                EXTI2_IRQHandler
                0x0000000008003ae4                TIM8_CC_IRQHandler
                0x0000000008003ae4                TIM1_CC_IRQHandler
                0x0000000008003ae4                DMA2_Stream5_IRQHandler
                0x0000000008003ae4                DMA1_Stream5_IRQHandler
                0x0000000008003ae4                PVD_IRQHandler
                0x0000000008003ae4                SDIO_IRQHandler
                0x0000000008003ae4                TAMP_STAMP_IRQHandler
                0x0000000008003ae4                CAN2_RX1_IRQHandler
                0x0000000008003ae4                EXTI3_IRQHandler
                0x0000000008003ae4                TIM8_TRG_COM_TIM14_IRQHandler
                0x0000000008003ae4                TIM1_UP_TIM10_IRQHandler
                0x0000000008003ae4                TIM8_UP_TIM13_IRQHandler
                0x0000000008003ae4                I2C3_ER_IRQHandler
                0x0000000008003ae4                I2C2_EV_IRQHandler
                0x0000000008003ae4                DMA1_Stream2_IRQHandler
                0x0000000008003ae4                CAN1_RX0_IRQHandler
                0x0000000008003ae4                FPU_IRQHandler
                0x0000000008003ae4                OTG_HS_WKUP_IRQHandler
                0x0000000008003ae4                CAN2_SCE_IRQHandler
                0x0000000008003ae4                DMA2_Stream2_IRQHandler
                0x0000000008003ae4                SPI1_IRQHandler
                0x0000000008003ae4                TIM6_DAC_IRQHandler
                0x0000000008003ae4                TIM1_BRK_TIM9_IRQHandler
                0x0000000008003ae4                DCMI_IRQHandler
                0x0000000008003ae4                CAN2_RX0_IRQHandler
                0x0000000008003ae4                DMA2_Stream3_IRQHandler
                0x0000000008003ae4                USART6_IRQHandler
                0x0000000008003ae4                USART3_IRQHandler
                0x0000000008003ae4                CAN1_RX1_IRQHandler
                0x0000000008003ae4                UART5_IRQHandler
                0x0000000008003ae4                DMA2_Stream0_IRQHandler
                0x0000000008003ae4                TIM4_IRQHandler
                0x0000000008003ae4                I2C1_EV_IRQHandler
                0x0000000008003ae4                DMA1_Stream6_IRQHandler
                0x0000000008003ae4                DMA1_Stream1_IRQHandler
                0x0000000008003ae4                UART4_IRQHandler
                0x0000000008003ae4                TIM3_IRQHandler
                0x0000000008003ae4                RCC_IRQHandler
                0x0000000008003ae4                TIM8_BRK_TIM12_IRQHandler
                0x0000000008003ae4                Default_Handler
                0x0000000008003ae4                EXTI15_10_IRQHandler
                0x0000000008003ae4                ADC_IRQHandler
                0x0000000008003ae4                DMA1_Stream7_IRQHandler
                0x0000000008003ae4                TIM7_IRQHandler
                0x0000000008003ae4                CAN2_TX_IRQHandler
                0x0000000008003ae4                TIM5_IRQHandler
                0x0000000008003ae4                DMA2_Stream7_IRQHandler
                0x0000000008003ae4                I2C3_EV_IRQHandler
                0x0000000008003ae4                EXTI9_5_IRQHandler
                0x0000000008003ae4                RTC_WKUP_IRQHandler
                0x0000000008003ae4                ETH_WKUP_IRQHandler
                0x0000000008003ae4                SPI2_IRQHandler
                0x0000000008003ae4                OTG_HS_EP1_IN_IRQHandler
                0x0000000008003ae4                DMA1_Stream0_IRQHandler
                0x0000000008003ae4                CAN1_TX_IRQHandler
                0x0000000008003ae4                EXTI4_IRQHandler
                0x0000000008003ae4                FSMC_IRQHandler
                0x0000000008003ae4                ETH_IRQHandler
                0x0000000008003ae4                OTG_HS_EP1_OUT_IRQHandler
                0x0000000008003ae4                WWDG_IRQHandler
                0x0000000008003ae4                TIM2_IRQHandler
                0x0000000008003ae4                OTG_FS_WKUP_IRQHandler
                0x0000000008003ae4                TIM1_TRG_COM_TIM11_IRQHandler
                0x0000000008003ae4                OTG_HS_IRQHandler
                0x0000000008003ae4                EXTI1_IRQHandler
                0x0000000008003ae4                USART2_IRQHandler
                0x0000000008003ae4                I2C2_ER_IRQHandler
                0x0000000008003ae4                DMA2_Stream1_IRQHandler
                0x0000000008003ae4                CAN1_SCE_IRQHandler
                0x0000000008003ae4                FLASH_IRQHandler
                0x0000000008003ae4                DMA2_Stream4_IRQHandler
                0x0000000008003ae4                USART1_IRQHandler
                0x0000000008003ae4                OTG_FS_IRQHandler
                0x0000000008003ae4                SPI3_IRQHandler
                0x0000000008003ae4                DMA1_Stream4_IRQHandler
                0x0000000008003ae4                I2C1_ER_IRQHandler
                0x0000000008003ae4                DMA2_Stream6_IRQHandler
                0x0000000008003ae4                DMA1_Stream3_IRQHandler
 *fill*         0x0000000008003ae6        0x2 
 .text.HAL_Init
                0x0000000008003ae8       0x44 ./Drivers/STM32F4xx_HAL_Driver/Src/stm32f4xx_hal.o
                0x0000000008003ae8                HAL_Init
 .text.HAL_InitTick
                0x0000000008003b2c       0x60 ./Drivers/STM32F4xx_HAL_Driver/Src/stm32f4xx_hal.o
                0x0000000008003b2c                HAL_InitTick
 .text.HAL_IncTick
                0x0000000008003b8c       0x28 ./Drivers/STM32F4xx_HAL_Driver/Src/stm32f4xx_hal.o
                0x0000000008003b8c                HAL_IncTick
 .text.HAL_GetTick
                0x0000000008003bb4       0x18 ./Drivers/STM32F4xx_HAL_Driver/Src/stm32f4xx_hal.o
                0x0000000008003bb4                HAL_GetTick
 .text.__NVIC_SetPriorityGrouping
                0x0000000008003bcc       0x48 ./Drivers/STM32F4xx_HAL_Driver/Src/stm32f4xx_hal_cortex.o
 .text.__NVIC_GetPriorityGrouping
                0x0000000008003c14       0x1c ./Drivers/STM32F4xx_HAL_Driver/Src/stm32f4xx_hal_cortex.o
 .text.__NVIC_EnableIRQ
                0x0000000008003c30       0x3c ./Drivers/STM32F4xx_HAL_Driver/Src/stm32f4xx_hal_cortex.o
 .text.__NVIC_SetPriority
                0x0000000008003c6c       0x54 ./Drivers/STM32F4xx_HAL_Driver/Src/stm32f4xx_hal_cortex.o
 .text.NVIC_EncodePriority
                0x0000000008003cc0       0x66 ./Drivers/STM32F4xx_HAL_Driver/Src/stm32f4xx_hal_cortex.o
 *fill*         0x0000000008003d26        0x2 
 .text.SysTick_Config
                0x0000000008003d28       0x44 ./Drivers/STM32F4xx_HAL_Driver/Src/stm32f4xx_hal_cortex.o
 .text.HAL_NVIC_SetPriorityGrouping
                0x0000000008003d6c       0x16 ./Drivers/STM32F4xx_HAL_Driver/Src/stm32f4xx_hal_cortex.o
                0x0000000008003d6c                HAL_NVIC_SetPriorityGrouping
 .text.HAL_NVIC_SetPriority
                0x0000000008003d82       0x38 ./Drivers/STM32F4xx_HAL_Driver/Src/stm32f4xx_hal_cortex.o
                0x0000000008003d82                HAL_NVIC_SetPriority
 .text.HAL_NVIC_EnableIRQ
                0x0000000008003dba       0x1c ./Drivers/STM32F4xx_HAL_Driver/Src/stm32f4xx_hal_cortex.o
                0x0000000008003dba                HAL_NVIC_EnableIRQ
 .text.HAL_SYSTICK_Config
                0x0000000008003dd6       0x18 ./Drivers/STM32F4xx_HAL_Driver/Src/stm32f4xx_hal_cortex.o
                0x0000000008003dd6                HAL_SYSTICK_Config
 *fill*         0x0000000008003dee        0x2 
 .text.HAL_GPIO_Init
                0x0000000008003df0      0x338 ./Drivers/STM32F4xx_HAL_Driver/Src/stm32f4xx_hal_gpio.o
                0x0000000008003df0                HAL_GPIO_Init
 .text.HAL_GPIO_WritePin
                0x0000000008004128       0x32 ./Drivers/STM32F4xx_HAL_Driver/Src/stm32f4xx_hal_gpio.o
                0x0000000008004128                HAL_GPIO_WritePin
 *fill*         0x000000000800415a        0x2 
 .text.HAL_GPIO_EXTI_IRQHandler
                0x000000000800415c       0x30 ./Drivers/STM32F4xx_HAL_Driver/Src/stm32f4xx_hal_gpio.o
                0x000000000800415c                HAL_GPIO_EXTI_IRQHandler
 .text.HAL_RCC_OscConfig
                0x000000000800418c      0x4dc ./Drivers/STM32F4xx_HAL_Driver/Src/stm32f4xx_hal_rcc.o
                0x000000000800418c                HAL_RCC_OscConfig
 .text.HAL_RCC_ClockConfig
                0x0000000008004668      0x1cc ./Drivers/STM32F4xx_HAL_Driver/Src/stm32f4xx_hal_rcc.o
                0x0000000008004668                HAL_RCC_ClockConfig
 .text.HAL_RCC_GetSysClockFreq
                0x0000000008004834      0x20c ./Drivers/STM32F4xx_HAL_Driver/Src/stm32f4xx_hal_rcc.o
                0x0000000008004834                HAL_RCC_GetSysClockFreq
 .text.HAL_TIM_Base_Init
                0x0000000008004a40       0x56 ./Drivers/STM32F4xx_HAL_Driver/Src/stm32f4xx_hal_tim.o
                0x0000000008004a40                HAL_TIM_Base_Init
 .text.HAL_TIM_OnePulse_Init
                0x0000000008004a96       0x78 ./Drivers/STM32F4xx_HAL_Driver/Src/stm32f4xx_hal_tim.o
                0x0000000008004a96                HAL_TIM_OnePulse_Init
 .text.HAL_TIM_OnePulse_MspInit
                0x0000000008004b0e       0x14 ./Drivers/STM32F4xx_HAL_Driver/Src/stm32f4xx_hal_tim.o
                0x0000000008004b0e                HAL_TIM_OnePulse_MspInit
 *fill*         0x0000000008004b22        0x2 
 .text.TIM_Base_SetConfig
                0x0000000008004b24      0x140 ./Drivers/STM32F4xx_HAL_Driver/Src/stm32f4xx_hal_tim.o
                0x0000000008004b24                TIM_Base_SetConfig
 .text.__libc_init_array
                0x0000000008004c64       0x48 c:/st/stm32cubeide_1.3.0/stm32cubeide/plugins/com.st.stm32cube.ide.mcu.externaltools.gnu-tools-for-stm32.10.3-2021.10.win32_1.0.0.202111181127/tools/bin/../lib/gcc/arm-none-eabi/10.3.1/../../../../arm-none-eabi/lib/thumb/v7e-m+fp/hard\libc_nano.a(lib_a-init.o)
                0x0000000008004c64                __libc_init_array
 .text.memset   0x0000000008004cac       0x10 c:/st/stm32cubeide_1.3.0/stm32cubeide/plugins/com.st.stm32cube.ide.mcu.externaltools.gnu-tools-for-stm32.10.3-2021.10.win32_1.0.0.202111181127/tools/bin/../lib/gcc/arm-none-eabi/10.3.1/../../../../arm-none-eabi/lib/thumb/v7e-m+fp/hard\libc_nano.a(lib_a-memset.o)
                0x0000000008004cac                memset
 *(.glue_7)
 .glue_7        0x0000000008004cbc        0x0 linker stubs
 *(.glue_7t)
 .glue_7t       0x0000000008004cbc        0x0 linker stubs
 *(.eh_frame)
 .eh_frame      0x0000000008004cbc        0x0 c:/st/stm32cubeide_1.3.0/stm32cubeide/plugins/com.st.stm32cube.ide.mcu.externaltools.gnu-tools-for-stm32.10.3-2021.10.win32_1.0.0.202111181127/tools/bin/../lib/gcc/arm-none-eabi/10.3.1/thumb/v7e-m+fp/hard/crtbegin.o
 *(.init)
 .init          0x0000000008004cbc        0x4 c:/st/stm32cubeide_1.3.0/stm32cubeide/plugins/com.st.stm32cube.ide.mcu.externaltools.gnu-tools-for-stm32.10.3-2021.10.win32_1.0.0.202111181127/tools/bin/../lib/gcc/arm-none-eabi/10.3.1/thumb/v7e-m+fp/hard/crti.o
                0x0000000008004cbc                _init
 .init          0x0000000008004cc0        0x8 c:/st/stm32cubeide_1.3.0/stm32cubeide/plugins/com.st.stm32cube.ide.mcu.externaltools.gnu-tools-for-stm32.10.3-2021.10.win32_1.0.0.202111181127/tools/bin/../lib/gcc/arm-none-eabi/10.3.1/thumb/v7e-m+fp/hard/crtn.o
 *(.fini)
 .fini          0x0000000008004cc8        0x4 c:/st/stm32cubeide_1.3.0/stm32cubeide/plugins/com.st.stm32cube.ide.mcu.externaltools.gnu-tools-for-stm32.10.3-2021.10.win32_1.0.0.202111181127/tools/bin/../lib/gcc/arm-none-eabi/10.3.1/thumb/v7e-m+fp/hard/crti.o
                0x0000000008004cc8                _fini
 .fini          0x0000000008004ccc        0x8 c:/st/stm32cubeide_1.3.0/stm32cubeide/plugins/com.st.stm32cube.ide.mcu.externaltools.gnu-tools-for-stm32.10.3-2021.10.win32_1.0.0.202111181127/tools/bin/../lib/gcc/arm-none-eabi/10.3.1/thumb/v7e-m+fp/hard/crtn.o
                0x0000000008004cd4                . = ALIGN (0x4)
                0x0000000008004cd4                _etext = .

.vfp11_veneer   0x0000000008004cd4        0x0
 .vfp11_veneer  0x0000000008004cd4        0x0 linker stubs

.v4_bx          0x0000000008004cd4        0x0
 .v4_bx         0x0000000008004cd4        0x0 linker stubs

.iplt           0x0000000008004cd4        0x0
 .iplt          0x0000000008004cd4        0x0 c:/st/stm32cubeide_1.3.0/stm32cubeide/plugins/com.st.stm32cube.ide.mcu.externaltools.gnu-tools-for-stm32.10.3-2021.10.win32_1.0.0.202111181127/tools/bin/../lib/gcc/arm-none-eabi/10.3.1/thumb/v7e-m+fp/hard/crtbegin.o

.rodata         0x0000000008004cd4       0x3c
                0x0000000008004cd4                . = ALIGN (0x4)
 *(.rodata)
 .rodata        0x0000000008004cd4       0x29 ./Core/Src/main.o
 *(.rodata*)
 *fill*         0x0000000008004cfd        0x3 
 .rodata.AHBPrescTable
                0x0000000008004d00       0x10 ./Core/Src/system_stm32f4xx.o
                0x0000000008004d00                AHBPrescTable
                0x0000000008004d10                . = ALIGN (0x4)

.ARM.extab      0x0000000008004d10        0x0
                0x0000000008004d10                . = ALIGN (0x4)
 *(.ARM.extab* .gnu.linkonce.armextab.*)
                0x0000000008004d10                . = ALIGN (0x4)

.ARM            0x0000000008004d10        0x8
                0x0000000008004d10                . = ALIGN (0x4)
                0x0000000008004d10                __exidx_start = .
 *(.ARM.exidx*)
 .ARM.exidx     0x0000000008004d10        0x8 c:/st/stm32cubeide_1.3.0/stm32cubeide/plugins/com.st.stm32cube.ide.mcu.externaltools.gnu-tools-for-stm32.10.3-2021.10.win32_1.0.0.202111181127/tools/bin/../lib/gcc/arm-none-eabi/10.3.1/thumb/v7e-m+fp/hard\libgcc.a(_udivmoddi4.o)
                0x0000000008004d18                __exidx_end = .
                0x0000000008004d18                . = ALIGN (0x4)

.rel.dyn        0x0000000008004d18        0x0
 .rel.iplt      0x0000000008004d18        0x0 c:/st/stm32cubeide_1.3.0/stm32cubeide/plugins/com.st.stm32cube.ide.mcu.externaltools.gnu-tools-for-stm32.10.3-2021.10.win32_1.0.0.202111181127/tools/bin/../lib/gcc/arm-none-eabi/10.3.1/thumb/v7e-m+fp/hard/crtbegin.o

.preinit_array  0x0000000008004d18        0x0
                0x0000000008004d18                . = ALIGN (0x4)
                0x0000000008004d18                PROVIDE (__preinit_array_start = .)
 *(.preinit_array*)
                0x0000000008004d18                PROVIDE (__preinit_array_end = .)
                0x0000000008004d18                . = ALIGN (0x4)

.init_array     0x0000000008004d18        0x4
                0x0000000008004d18                . = ALIGN (0x4)
                0x0000000008004d18                PROVIDE (__init_array_start = .)
 *(SORT_BY_NAME(.init_array.*))
 *(.init_array*)
 .init_array    0x0000000008004d18        0x4 c:/st/stm32cubeide_1.3.0/stm32cubeide/plugins/com.st.stm32cube.ide.mcu.externaltools.gnu-tools-for-stm32.10.3-2021.10.win32_1.0.0.202111181127/tools/bin/../lib/gcc/arm-none-eabi/10.3.1/thumb/v7e-m+fp/hard/crtbegin.o
                0x0000000008004d1c                PROVIDE (__init_array_end = .)
                0x0000000008004d1c                . = ALIGN (0x4)

.fini_array     0x0000000008004d1c        0x4
                0x0000000008004d1c                . = ALIGN (0x4)
                [!provide]                        PROVIDE (__fini_array_start = .)
 *(SORT_BY_NAME(.fini_array.*))
 *(.fini_array*)
 .fini_array    0x0000000008004d1c        0x4 c:/st/stm32cubeide_1.3.0/stm32cubeide/plugins/com.st.stm32cube.ide.mcu.externaltools.gnu-tools-for-stm32.10.3-2021.10.win32_1.0.0.202111181127/tools/bin/../lib/gcc/arm-none-eabi/10.3.1/thumb/v7e-m+fp/hard/crtbegin.o
                [!provide]                        PROVIDE (__fini_array_end = .)
                0x0000000008004d20                . = ALIGN (0x4)
                0x0000000008004d20                _sidata = LOADADDR (.data)

.data           0x0000000020000000       0x34 load address 0x0000000008004d20
                0x0000000020000000                . = ALIGN (0x4)
                0x0000000020000000                _sdata = .
 *(.data)
 *(.data*)
 .data.task_name
                0x0000000020000000       0x14 ./Core/Src/main.o
                0x0000000020000000                task_name
 .data.tsks     0x0000000020000014       0x14 ./Core/Src/main.o
                0x0000000020000014                tsks
 .data.SystemCoreClock
                0x0000000020000028        0x4 ./Core/Src/system_stm32f4xx.o
                0x0000000020000028                SystemCoreClock
 .data.uwTickPrio
                0x000000002000002c        0x4 ./Drivers/STM32F4xx_HAL_Driver/Src/stm32f4xx_hal.o
                0x000000002000002c                uwTickPrio
 .data.uwTickFreq
                0x0000000020000030        0x1 ./Drivers/STM32F4xx_HAL_Driver/Src/stm32f4xx_hal.o
                0x0000000020000030                uwTickFreq
                0x0000000020000034                . = ALIGN (0x4)
 *fill*         0x0000000020000031        0x3 
                0x0000000020000034                _edata = .

.igot.plt       0x0000000020000034        0x0 load address 0x0000000008004d54
 .igot.plt      0x0000000020000034        0x0 c:/st/stm32cubeide_1.3.0/stm32cubeide/plugins/com.st.stm32cube.ide.mcu.externaltools.gnu-tools-for-stm32.10.3-2021.10.win32_1.0.0.202111181127/tools/bin/../lib/gcc/arm-none-eabi/10.3.1/thumb/v7e-m+fp/hard/crtbegin.o
                0x0000000020000034                . = ALIGN (0x4)

.bss            0x0000000020000038    0x140e4 load address 0x0000000008004d54
                0x0000000020000038                _sbss = .
                0x0000000020000038                __bss_start__ = _sbss
 *(.bss)
 .bss           0x0000000020000038       0x1c c:/st/stm32cubeide_1.3.0/stm32cubeide/plugins/com.st.stm32cube.ide.mcu.externaltools.gnu-tools-for-stm32.10.3-2021.10.win32_1.0.0.202111181127/tools/bin/../lib/gcc/arm-none-eabi/10.3.1/thumb/v7e-m+fp/hard/crtbegin.o
 *(.bss*)
 .bss.os_init_done
                0x0000000020000054        0x1 ./Core/Src/OS/OS.o
 *fill*         0x0000000020000055        0x3 
 .bss.os_heap   0x0000000020000058    0x14000 ./Core/Src/OS/OS_Heap.o
 .bss.os_obj_head
                0x0000000020014058       0x1c ./Core/Src/OS/OS_Obj.o
                0x0000000020014058                os_obj_head
 .bss.state     0x0000000020014074        0x1 ./Core/Src/OS/OS_Scheduler.o
 *fill*         0x0000000020014075        0x3 
 .bss.main_task
                0x0000000020014078        0x4 ./Core/Src/OS/OS_Tasks.o
                0x0000000020014078                main_task
 .bss.idle_task
                0x000000002001407c        0x4 ./Core/Src/OS/OS_Tasks.o
                0x000000002001407c                idle_task
 .bss.os_head   0x0000000020014080       0x1c ./Core/Src/OS/OS_Tasks.o
                0x0000000020014080                os_head
 .bss.os_cur_task
                0x000000002001409c        0x4 ./Core/Src/OS/OS_Tasks.o
                0x000000002001409c                os_cur_task
 .bss.os_ticks_ms
                0x00000000200140a0        0x4 ./Core/Src/OS/OS_Tick.o
 .bss.tasks     0x00000000200140a4       0x14 ./Core/Src/main.o
                0x00000000200140a4                tasks
 .bss.mutex     0x00000000200140b8       0x14 ./Core/Src/main.o
                0x00000000200140b8                mutex
 .bss.queue     0x00000000200140cc        0x4 ./Core/Src/main.o
                0x00000000200140cc                queue
 .bss.jebatest  0x00000000200140d0        0x4 ./Core/Src/main.o
                0x00000000200140d0                jebatest
 .bss.errCount  0x00000000200140d4        0x4 ./Core/Src/main.o
                0x00000000200140d4                errCount
 .bss.htim13    0x00000000200140d8       0x40 ./Core/Src/tim.o
                0x00000000200140d8                htim13
 .bss.uwTick    0x0000000020014118        0x4 ./Drivers/STM32F4xx_HAL_Driver/Src/stm32f4xx_hal.o
                0x0000000020014118                uwTick
 *(COMMON)
                0x000000002001411c                . = ALIGN (0x4)
                0x000000002001411c                _ebss = .
                0x000000002001411c                __bss_end__ = _ebss

._user_heap_stack
                0x000000002001411c      0x604 load address 0x0000000008004d54
                0x0000000020014120                . = ALIGN (0x8)
 *fill*         0x000000002001411c        0x4 
                0x0000000020014120                PROVIDE (end = .)
                [!provide]                        PROVIDE (_end = .)
                0x0000000020014520                . = (. + _Min_Heap_Size)
 *fill*         0x0000000020014120      0x400 
                0x0000000020014720                . = (. + _Min_Stack_Size)
 *fill*         0x0000000020014520      0x200 
                0x0000000020014720                . = ALIGN (0x8)

/DISCARD/
 libc.a(*)
 libm.a(*)
 libgcc.a(*)

.ARM.attributes
                0x0000000000000000       0x30
 *(.ARM.attributes)
 .ARM.attributes
                0x0000000000000000       0x1e c:/st/stm32cubeide_1.3.0/stm32cubeide/plugins/com.st.stm32cube.ide.mcu.externaltools.gnu-tools-for-stm32.10.3-2021.10.win32_1.0.0.202111181127/tools/bin/../lib/gcc/arm-none-eabi/10.3.1/thumb/v7e-m+fp/hard/crti.o
 .ARM.attributes
                0x000000000000001e       0x34 c:/st/stm32cubeide_1.3.0/stm32cubeide/plugins/com.st.stm32cube.ide.mcu.externaltools.gnu-tools-for-stm32.10.3-2021.10.win32_1.0.0.202111181127/tools/bin/../lib/gcc/arm-none-eabi/10.3.1/thumb/v7e-m+fp/hard/crtbegin.o
 .ARM.attributes
                0x0000000000000052       0x34 ./Core/Src/OS/OS.o
 .ARM.attributes
                0x0000000000000086       0x34 ./Core/Src/OS/OS_Callbacks.o
 .ARM.attributes
                0x00000000000000ba       0x34 ./Core/Src/OS/OS_Heap.o
 .ARM.attributes
                0x00000000000000ee       0x34 ./Core/Src/OS/OS_Internal.o
 .ARM.attributes
                0x0000000000000122       0x34 ./Core/Src/OS/OS_MsgQ.o
 .ARM.attributes
                0x0000000000000156       0x34 ./Core/Src/OS/OS_Mutex.o
 .ARM.attributes
                0x000000000000018a       0x34 ./Core/Src/OS/OS_Obj.o
 .ARM.attributes
                0x00000000000001be       0x34 ./Core/Src/OS/OS_Scheduler.o
 .ARM.attributes
                0x00000000000001f2       0x34 ./Core/Src/OS/OS_Tasks.o
 .ARM.attributes
                0x0000000000000226       0x34 ./Core/Src/OS/OS_Tick.o
 .ARM.attributes
                0x000000000000025a       0x34 ./Core/Src/gpio.o
 .ARM.attributes
                0x000000000000028e       0x34 ./Core/Src/main.o
 .ARM.attributes
                0x00000000000002c2       0x34 ./Core/Src/stm32f4xx_hal_msp.o
 .ARM.attributes
                0x00000000000002f6       0x34 ./Core/Src/stm32f4xx_it.o
 .ARM.attributes
                0x000000000000032a       0x34 ./Core/Src/system_stm32f4xx.o
 .ARM.attributes
                0x000000000000035e       0x34 ./Core/Src/tim.o
 .ARM.attributes
                0x0000000000000392       0x21 ./Core/Startup/startup_stm32f407vgtx.o
 .ARM.attributes
                0x00000000000003b3       0x34 ./Drivers/STM32F4xx_HAL_Driver/Src/stm32f4xx_hal.o
 .ARM.attributes
                0x00000000000003e7       0x34 ./Drivers/STM32F4xx_HAL_Driver/Src/stm32f4xx_hal_cortex.o
 .ARM.attributes
                0x000000000000041b       0x34 ./Drivers/STM32F4xx_HAL_Driver/Src/stm32f4xx_hal_gpio.o
 .ARM.attributes
                0x000000000000044f       0x34 ./Drivers/STM32F4xx_HAL_Driver/Src/stm32f4xx_hal_rcc.o
 .ARM.attributes
                0x0000000000000483       0x34 ./Drivers/STM32F4xx_HAL_Driver/Src/stm32f4xx_hal_tim.o
 .ARM.attributes
                0x00000000000004b7       0x34 c:/st/stm32cubeide_1.3.0/stm32cubeide/plugins/com.st.stm32cube.ide.mcu.externaltools.gnu-tools-for-stm32.10.3-2021.10.win32_1.0.0.202111181127/tools/bin/../lib/gcc/arm-none-eabi/10.3.1/../../../../arm-none-eabi/lib/thumb/v7e-m+fp/hard\libc_nano.a(lib_a-init.o)
 .ARM.attributes
                0x00000000000004eb       0x34 c:/st/stm32cubeide_1.3.0/stm32cubeide/plugins/com.st.stm32cube.ide.mcu.externaltools.gnu-tools-for-stm32.10.3-2021.10.win32_1.0.0.202111181127/tools/bin/../lib/gcc/arm-none-eabi/10.3.1/../../../../arm-none-eabi/lib/thumb/v7e-m+fp/hard\libc_nano.a(lib_a-memset.o)
 .ARM.attributes
                0x000000000000051f       0x1c c:/st/stm32cubeide_1.3.0/stm32cubeide/plugins/com.st.stm32cube.ide.mcu.externaltools.gnu-tools-for-stm32.10.3-2021.10.win32_1.0.0.202111181127/tools/bin/../lib/gcc/arm-none-eabi/10.3.1/../../../../arm-none-eabi/lib/thumb/v7e-m+fp/hard\libc_nano.a(lib_a-strcmp.o)
 .ARM.attributes
                0x000000000000053b       0x1e c:/st/stm32cubeide_1.3.0/stm32cubeide/plugins/com.st.stm32cube.ide.mcu.externaltools.gnu-tools-for-stm32.10.3-2021.10.win32_1.0.0.202111181127/tools/bin/../lib/gcc/arm-none-eabi/10.3.1/thumb/v7e-m+fp/hard\libgcc.a(_aeabi_uldivmod.o)
 .ARM.attributes
                0x0000000000000559       0x34 c:/st/stm32cubeide_1.3.0/stm32cubeide/plugins/com.st.stm32cube.ide.mcu.externaltools.gnu-tools-for-stm32.10.3-2021.10.win32_1.0.0.202111181127/tools/bin/../lib/gcc/arm-none-eabi/10.3.1/thumb/v7e-m+fp/hard\libgcc.a(_udivmoddi4.o)
 .ARM.attributes
                0x000000000000058d       0x1e c:/st/stm32cubeide_1.3.0/stm32cubeide/plugins/com.st.stm32cube.ide.mcu.externaltools.gnu-tools-for-stm32.10.3-2021.10.win32_1.0.0.202111181127/tools/bin/../lib/gcc/arm-none-eabi/10.3.1/thumb/v7e-m+fp/hard\libgcc.a(_dvmd_tls.o)
 .ARM.attributes
                0x00000000000005ab       0x1e c:/st/stm32cubeide_1.3.0/stm32cubeide/plugins/com.st.stm32cube.ide.mcu.externaltools.gnu-tools-for-stm32.10.3-2021.10.win32_1.0.0.202111181127/tools/bin/../lib/gcc/arm-none-eabi/10.3.1/thumb/v7e-m+fp/hard/crtn.o
OUTPUT(GVTOS.elf elf32-littlearm)
LOAD linker stubs
LOAD c:/st/stm32cubeide_1.3.0/stm32cubeide/plugins/com.st.stm32cube.ide.mcu.externaltools.gnu-tools-for-stm32.10.3-2021.10.win32_1.0.0.202111181127/tools/bin/../lib/gcc/arm-none-eabi/10.3.1/../../../../arm-none-eabi/lib/thumb/v7e-m+fp/hard\libc.a
LOAD c:/st/stm32cubeide_1.3.0/stm32cubeide/plugins/com.st.stm32cube.ide.mcu.externaltools.gnu-tools-for-stm32.10.3-2021.10.win32_1.0.0.202111181127/tools/bin/../lib/gcc/arm-none-eabi/10.3.1/../../../../arm-none-eabi/lib/thumb/v7e-m+fp/hard\libm.a
LOAD c:/st/stm32cubeide_1.3.0/stm32cubeide/plugins/com.st.stm32cube.ide.mcu.externaltools.gnu-tools-for-stm32.10.3-2021.10.win32_1.0.0.202111181127/tools/bin/../lib/gcc/arm-none-eabi/10.3.1/thumb/v7e-m+fp/hard\libgcc.a

.debug_info     0x0000000000000000     0xc9c0
 .debug_info    0x0000000000000000      0x600 ./Core/Src/OS/OS.o
 .debug_info    0x0000000000000600      0x25c ./Core/Src/OS/OS_Callbacks.o
 .debug_info    0x000000000000085c      0x4be ./Core/Src/OS/OS_Heap.o
 .debug_info    0x0000000000000d1a      0xd88 ./Core/Src/OS/OS_Internal.o
 .debug_info    0x0000000000001aa2      0xabb ./Core/Src/OS/OS_MsgQ.o
 .debug_info    0x000000000000255d      0x782 ./Core/Src/OS/OS_Mutex.o
 .debug_info    0x0000000000002cdf      0xe12 ./Core/Src/OS/OS_Obj.o
 .debug_info    0x0000000000003af1      0x878 ./Core/Src/OS/OS_Scheduler.o
 .debug_info    0x0000000000004369      0xc9d ./Core/Src/OS/OS_Tasks.o
 .debug_info    0x0000000000005006      0x514 ./Core/Src/OS/OS_Tick.o
 .debug_info    0x000000000000551a      0x70c ./Core/Src/gpio.o
 .debug_info    0x0000000000005c26      0xa9d ./Core/Src/main.o
 .debug_info    0x00000000000066c3      0x4f6 ./Core/Src/stm32f4xx_hal_msp.o
 .debug_info    0x0000000000006bb9      0x183 ./Core/Src/stm32f4xx_it.o
 .debug_info    0x0000000000006d3c      0x523 ./Core/Src/system_stm32f4xx.o
 .debug_info    0x000000000000725f      0x87e ./Core/Src/tim.o
 .debug_info    0x0000000000007add       0x22 ./Core/Startup/startup_stm32f407vgtx.o
 .debug_info    0x0000000000007aff      0x97c ./Drivers/STM32F4xx_HAL_Driver/Src/stm32f4xx_hal.o
 .debug_info    0x000000000000847b      0xe1b ./Drivers/STM32F4xx_HAL_Driver/Src/stm32f4xx_hal_cortex.o
 .debug_info    0x0000000000009296      0x75a ./Drivers/STM32F4xx_HAL_Driver/Src/stm32f4xx_hal_gpio.o
 .debug_info    0x00000000000099f0      0x966 ./Drivers/STM32F4xx_HAL_Driver/Src/stm32f4xx_hal_rcc.o
 .debug_info    0x000000000000a356     0x266a ./Drivers/STM32F4xx_HAL_Driver/Src/stm32f4xx_hal_tim.o

.debug_abbrev   0x0000000000000000     0x293f
 .debug_abbrev  0x0000000000000000      0x1b2 ./Core/Src/OS/OS.o
 .debug_abbrev  0x00000000000001b2      0x119 ./Core/Src/OS/OS_Callbacks.o
 .debug_abbrev  0x00000000000002cb      0x20b ./Core/Src/OS/OS_Heap.o
 .debug_abbrev  0x00000000000004d6      0x250 ./Core/Src/OS/OS_Internal.o
 .debug_abbrev  0x0000000000000726      0x254 ./Core/Src/OS/OS_MsgQ.o
 .debug_abbrev  0x000000000000097a      0x1e6 ./Core/Src/OS/OS_Mutex.o
 .debug_abbrev  0x0000000000000b60      0x28e ./Core/Src/OS/OS_Obj.o
 .debug_abbrev  0x0000000000000dee      0x23f ./Core/Src/OS/OS_Scheduler.o
 .debug_abbrev  0x000000000000102d      0x2fc ./Core/Src/OS/OS_Tasks.o
 .debug_abbrev  0x0000000000001329      0x17d ./Core/Src/OS/OS_Tick.o
 .debug_abbrev  0x00000000000014a6      0x164 ./Core/Src/gpio.o
 .debug_abbrev  0x000000000000160a      0x2a9 ./Core/Src/main.o
 .debug_abbrev  0x00000000000018b3      0x115 ./Core/Src/stm32f4xx_hal_msp.o
 .debug_abbrev  0x00000000000019c8       0x9f ./Core/Src/stm32f4xx_it.o
 .debug_abbrev  0x0000000000001a67      0x116 ./Core/Src/system_stm32f4xx.o
 .debug_abbrev  0x0000000000001b7d      0x1c2 ./Core/Src/tim.o
 .debug_abbrev  0x0000000000001d3f       0x12 ./Core/Startup/startup_stm32f407vgtx.o
 .debug_abbrev  0x0000000000001d51      0x20d ./Drivers/STM32F4xx_HAL_Driver/Src/stm32f4xx_hal.o
 .debug_abbrev  0x0000000000001f5e      0x316 ./Drivers/STM32F4xx_HAL_Driver/Src/stm32f4xx_hal_cortex.o
 .debug_abbrev  0x0000000000002274      0x1c4 ./Drivers/STM32F4xx_HAL_Driver/Src/stm32f4xx_hal_gpio.o
 .debug_abbrev  0x0000000000002438      0x2aa ./Drivers/STM32F4xx_HAL_Driver/Src/stm32f4xx_hal_rcc.o
 .debug_abbrev  0x00000000000026e2      0x25d ./Drivers/STM32F4xx_HAL_Driver/Src/stm32f4xx_hal_tim.o

.debug_aranges  0x0000000000000000      0xb40
 .debug_aranges
                0x0000000000000000       0x28 ./Core/Src/OS/OS.o
 .debug_aranges
                0x0000000000000028       0x40 ./Core/Src/OS/OS_Callbacks.o
 .debug_aranges
                0x0000000000000068       0x50 ./Core/Src/OS/OS_Heap.o
 .debug_aranges
                0x00000000000000b8       0x90 ./Core/Src/OS/OS_Internal.o
 .debug_aranges
                0x0000000000000148       0x50 ./Core/Src/OS/OS_MsgQ.o
 .debug_aranges
                0x0000000000000198       0x48 ./Core/Src/OS/OS_Mutex.o
 .debug_aranges
                0x00000000000001e0       0x58 ./Core/Src/OS/OS_Obj.o
 .debug_aranges
                0x0000000000000238       0x48 ./Core/Src/OS/OS_Scheduler.o
 .debug_aranges
                0x0000000000000280       0x88 ./Core/Src/OS/OS_Tasks.o
 .debug_aranges
                0x0000000000000308       0x28 ./Core/Src/OS/OS_Tick.o
 .debug_aranges
                0x0000000000000330       0x20 ./Core/Src/gpio.o
 .debug_aranges
                0x0000000000000350       0x60 ./Core/Src/main.o
 .debug_aranges
                0x00000000000003b0       0x20 ./Core/Src/stm32f4xx_hal_msp.o
 .debug_aranges
                0x00000000000003d0       0x60 ./Core/Src/stm32f4xx_it.o
 .debug_aranges
                0x0000000000000430       0x28 ./Core/Src/system_stm32f4xx.o
 .debug_aranges
                0x0000000000000458       0x30 ./Core/Src/tim.o
 .debug_aranges
                0x0000000000000488       0x28 ./Core/Startup/startup_stm32f407vgtx.o
 .debug_aranges
                0x00000000000004b0       0xf0 ./Drivers/STM32F4xx_HAL_Driver/Src/stm32f4xx_hal.o
 .debug_aranges
                0x00000000000005a0      0x118 ./Drivers/STM32F4xx_HAL_Driver/Src/stm32f4xx_hal_cortex.o
 .debug_aranges
                0x00000000000006b8       0x58 ./Drivers/STM32F4xx_HAL_Driver/Src/stm32f4xx_hal_gpio.o
 .debug_aranges
                0x0000000000000710       0x88 ./Drivers/STM32F4xx_HAL_Driver/Src/stm32f4xx_hal_rcc.o
 .debug_aranges
                0x0000000000000798      0x3a8 ./Drivers/STM32F4xx_HAL_Driver/Src/stm32f4xx_hal_tim.o

.debug_ranges   0x0000000000000000      0xa30
 .debug_ranges  0x0000000000000000       0x18 ./Core/Src/OS/OS.o
 .debug_ranges  0x0000000000000018       0x30 ./Core/Src/OS/OS_Callbacks.o
 .debug_ranges  0x0000000000000048       0x40 ./Core/Src/OS/OS_Heap.o
 .debug_ranges  0x0000000000000088       0xb0 ./Core/Src/OS/OS_Internal.o
 .debug_ranges  0x0000000000000138       0x40 ./Core/Src/OS/OS_MsgQ.o
 .debug_ranges  0x0000000000000178       0x38 ./Core/Src/OS/OS_Mutex.o
 .debug_ranges  0x00000000000001b0       0x60 ./Core/Src/OS/OS_Obj.o
 .debug_ranges  0x0000000000000210       0x38 ./Core/Src/OS/OS_Scheduler.o
 .debug_ranges  0x0000000000000248       0x78 ./Core/Src/OS/OS_Tasks.o
 .debug_ranges  0x00000000000002c0       0x18 ./Core/Src/OS/OS_Tick.o
 .debug_ranges  0x00000000000002d8       0x10 ./Core/Src/gpio.o
 .debug_ranges  0x00000000000002e8       0x50 ./Core/Src/main.o
 .debug_ranges  0x0000000000000338       0x10 ./Core/Src/stm32f4xx_hal_msp.o
 .debug_ranges  0x0000000000000348       0x50 ./Core/Src/stm32f4xx_it.o
 .debug_ranges  0x0000000000000398       0x18 ./Core/Src/system_stm32f4xx.o
 .debug_ranges  0x00000000000003b0       0x20 ./Core/Src/tim.o
 .debug_ranges  0x00000000000003d0       0x20 ./Core/Startup/startup_stm32f407vgtx.o
 .debug_ranges  0x00000000000003f0       0xe0 ./Drivers/STM32F4xx_HAL_Driver/Src/stm32f4xx_hal.o
 .debug_ranges  0x00000000000004d0      0x108 ./Drivers/STM32F4xx_HAL_Driver/Src/stm32f4xx_hal_cortex.o
 .debug_ranges  0x00000000000005d8       0x48 ./Drivers/STM32F4xx_HAL_Driver/Src/stm32f4xx_hal_gpio.o
 .debug_ranges  0x0000000000000620       0x78 ./Drivers/STM32F4xx_HAL_Driver/Src/stm32f4xx_hal_rcc.o
 .debug_ranges  0x0000000000000698      0x398 ./Drivers/STM32F4xx_HAL_Driver/Src/stm32f4xx_hal_tim.o

.debug_macro    0x0000000000000000    0x21efb
 .debug_macro   0x0000000000000000      0x218 ./Core/Src/OS/OS.o
 .debug_macro   0x0000000000000218      0xa78 ./Core/Src/OS/OS.o
 .debug_macro   0x0000000000000c90       0x58 ./Core/Src/OS/OS.o
 .debug_macro   0x0000000000000ce8       0x22 ./Core/Src/OS/OS.o
 .debug_macro   0x0000000000000d0a       0x8e ./Core/Src/OS/OS.o
 .debug_macro   0x0000000000000d98       0x51 ./Core/Src/OS/OS.o
 .debug_macro   0x0000000000000de9      0x103 ./Core/Src/OS/OS.o
 .debug_macro   0x0000000000000eec       0x6a ./Core/Src/OS/OS.o
 .debug_macro   0x0000000000000f56      0x1df ./Core/Src/OS/OS.o
 .debug_macro   0x0000000000001135       0x1e ./Core/Src/OS/OS.o
 .debug_macro   0x0000000000001153       0x52 ./Core/Src/OS/OS.o
 .debug_macro   0x00000000000011a5       0x3c ./Core/Src/OS/OS.o
 .debug_macro   0x00000000000011e1       0x34 ./Core/Src/OS/OS.o
 .debug_macro   0x0000000000001215       0x16 ./Core/Src/OS/OS.o
 .debug_macro   0x000000000000122b      0x10e ./Core/Src/OS/OS.o
 .debug_macro   0x0000000000001339       0x8d ./Core/Src/OS/OS.o
 .debug_macro   0x00000000000013c6       0x16 ./Core/Src/OS/OS.o
 .debug_macro   0x00000000000013dc       0x43 ./Core/Src/OS/OS.o
 .debug_macro   0x000000000000141f       0x34 ./Core/Src/OS/OS.o
 .debug_macro   0x0000000000001453       0x10 ./Core/Src/OS/OS.o
 .debug_macro   0x0000000000001463       0x58 ./Core/Src/OS/OS.o
 .debug_macro   0x00000000000014bb       0x71 ./Core/Src/OS/OS.o
 .debug_macro   0x000000000000152c       0x1c ./Core/Src/OS/OS.o
 .debug_macro   0x0000000000001548      0x12a ./Core/Src/OS/OS.o
 .debug_macro   0x0000000000001672      0x341 ./Core/Src/OS/OS.o
 .debug_macro   0x00000000000019b3       0x16 ./Core/Src/OS/OS.o
 .debug_macro   0x00000000000019c9       0x29 ./Core/Src/OS/OS.o
 .debug_macro   0x00000000000019f2       0x16 ./Core/Src/OS/OS.o
 .debug_macro   0x0000000000001a08       0x35 ./Core/Src/OS/OS.o
 .debug_macro   0x0000000000001a3d       0x20 ./Core/Src/OS/OS.o
 .debug_macro   0x0000000000001a5d       0x22 ./Core/Src/OS/OS.o
 .debug_macro   0x0000000000001a7f       0x22 ./Core/Src/OS/OS.o
 .debug_macro   0x0000000000001aa1       0x64 ./Core/Src/OS/OS.o
 .debug_macro   0x0000000000001b05       0xca ./Core/Src/OS/OS.o
 .debug_macro   0x0000000000001bcf       0x1c ./Core/Src/OS/OS.o
 .debug_macro   0x0000000000001beb      0x1b4 ./Core/Src/OS/OS_Callbacks.o
 .debug_macro   0x0000000000001d9f      0x1c2 ./Core/Src/OS/OS_Heap.o
 .debug_macro   0x0000000000001f61      0x1dc ./Core/Src/OS/OS_Internal.o
 .debug_macro   0x000000000000213d      0x218 ./Core/Src/OS/OS_MsgQ.o
 .debug_macro   0x0000000000002355      0x218 ./Core/Src/OS/OS_Mutex.o
 .debug_macro   0x000000000000256d      0x1f0 ./Core/Src/OS/OS_Obj.o
 .debug_macro   0x000000000000275d      0x218 ./Core/Src/OS/OS_Scheduler.o
 .debug_macro   0x0000000000002975      0x218 ./Core/Src/OS/OS_Tasks.o
 .debug_macro   0x0000000000002b8d      0x1e6 ./Core/Src/OS/OS_Tick.o
 .debug_macro   0x0000000000002d73      0x1dd ./Core/Src/gpio.o
 .debug_macro   0x0000000000002f50      0x184 ./Core/Src/gpio.o
 .debug_macro   0x00000000000030d4       0x2e ./Core/Src/gpio.o
 .debug_macro   0x0000000000003102       0x2f ./Core/Src/gpio.o
 .debug_macro   0x0000000000003131       0x1c ./Core/Src/gpio.o
 .debug_macro   0x000000000000314d       0x22 ./Core/Src/gpio.o
 .debug_macro   0x000000000000316f       0xd9 ./Core/Src/gpio.o
 .debug_macro   0x0000000000003248     0x102d ./Core/Src/gpio.o
 .debug_macro   0x0000000000004275      0x11f ./Core/Src/gpio.o
 .debug_macro   0x0000000000004394    0x15e3c ./Core/Src/gpio.o
 .debug_macro   0x000000000001a1d0       0x43 ./Core/Src/gpio.o
 .debug_macro   0x000000000001a213     0x3659 ./Core/Src/gpio.o
 .debug_macro   0x000000000001d86c      0x174 ./Core/Src/gpio.o
 .debug_macro   0x000000000001d9e0       0x5a ./Core/Src/gpio.o
 .debug_macro   0x000000000001da3a      0x96b ./Core/Src/gpio.o
 .debug_macro   0x000000000001e3a5      0x9fe ./Core/Src/gpio.o
 .debug_macro   0x000000000001eda3      0x174 ./Core/Src/gpio.o
 .debug_macro   0x000000000001ef17      0x117 ./Core/Src/gpio.o
 .debug_macro   0x000000000001f02e      0x13e ./Core/Src/gpio.o
 .debug_macro   0x000000000001f16c       0x27 ./Core/Src/gpio.o
 .debug_macro   0x000000000001f193      0x287 ./Core/Src/gpio.o
 .debug_macro   0x000000000001f41a       0x5f ./Core/Src/gpio.o
 .debug_macro   0x000000000001f479      0x236 ./Core/Src/gpio.o
 .debug_macro   0x000000000001f6af      0x12c ./Core/Src/gpio.o
 .debug_macro   0x000000000001f7db      0x21e ./Core/Src/gpio.o
 .debug_macro   0x000000000001f9f9       0x2e ./Core/Src/gpio.o
 .debug_macro   0x000000000001fa27      0x11a ./Core/Src/gpio.o
 .debug_macro   0x000000000001fb41       0x7e ./Core/Src/gpio.o
 .debug_macro   0x000000000001fbbf       0x89 ./Core/Src/gpio.o
 .debug_macro   0x000000000001fc48      0x8a0 ./Core/Src/gpio.o
 .debug_macro   0x00000000000204e8       0x47 ./Core/Src/gpio.o
 .debug_macro   0x000000000002052f      0x12d ./Core/Src/gpio.o
 .debug_macro   0x000000000002065c       0x6a ./Core/Src/gpio.o
 .debug_macro   0x00000000000206c6      0x3b0 ./Core/Src/main.o
 .debug_macro   0x0000000000020a76       0x5e ./Core/Src/main.o
 .debug_macro   0x0000000000020ad4      0x19b ./Core/Src/main.o
 .debug_macro   0x0000000000020c6f      0x1d3 ./Core/Src/stm32f4xx_hal_msp.o
 .debug_macro   0x0000000000020e42      0x383 ./Core/Src/stm32f4xx_it.o
 .debug_macro   0x00000000000211c5      0x1ca ./Core/Src/system_stm32f4xx.o
 .debug_macro   0x000000000002138f      0x1dd ./Core/Src/tim.o
 .debug_macro   0x000000000002156c      0x224 ./Drivers/STM32F4xx_HAL_Driver/Src/stm32f4xx_hal.o
 .debug_macro   0x0000000000021790      0x1c4 ./Drivers/STM32F4xx_HAL_Driver/Src/stm32f4xx_hal_cortex.o
 .debug_macro   0x0000000000021954      0x1fa ./Drivers/STM32F4xx_HAL_Driver/Src/stm32f4xx_hal_gpio.o
 .debug_macro   0x0000000000021b4e      0x1e8 ./Drivers/STM32F4xx_HAL_Driver/Src/stm32f4xx_hal_rcc.o
 .debug_macro   0x0000000000021d36      0x1c5 ./Drivers/STM32F4xx_HAL_Driver/Src/stm32f4xx_hal_tim.o

.debug_line     0x0000000000000000     0xe820
 .debug_line    0x0000000000000000      0x642 ./Core/Src/OS/OS.o
 .debug_line    0x0000000000000642      0x5e5 ./Core/Src/OS/OS_Callbacks.o
 .debug_line    0x0000000000000c27      0x9aa ./Core/Src/OS/OS_Heap.o
 .debug_line    0x00000000000015d1     0x1173 ./Core/Src/OS/OS_Internal.o
 .debug_line    0x0000000000002744      0x8ef ./Core/Src/OS/OS_MsgQ.o
 .debug_line    0x0000000000003033      0x7e0 ./Core/Src/OS/OS_Mutex.o
 .debug_line    0x0000000000003813      0xc3b ./Core/Src/OS/OS_Obj.o
 .debug_line    0x000000000000444e      0x7d1 ./Core/Src/OS/OS_Scheduler.o
 .debug_line    0x0000000000004c1f      0xd21 ./Core/Src/OS/OS_Tasks.o
 .debug_line    0x0000000000005940      0x6dc ./Core/Src/OS/OS_Tick.o
 .debug_line    0x000000000000601c      0x6f9 ./Core/Src/gpio.o
 .debug_line    0x0000000000006715      0xad5 ./Core/Src/main.o
 .debug_line    0x00000000000071ea      0x6a6 ./Core/Src/stm32f4xx_hal_msp.o
 .debug_line    0x0000000000007890      0x9ce ./Core/Src/stm32f4xx_it.o
 .debug_line    0x000000000000825e      0x727 ./Core/Src/system_stm32f4xx.o
 .debug_line    0x0000000000008985      0x6f1 ./Core/Src/tim.o
 .debug_line    0x0000000000009076       0x85 ./Core/Startup/startup_stm32f407vgtx.o
 .debug_line    0x00000000000090fb      0x987 ./Drivers/STM32F4xx_HAL_Driver/Src/stm32f4xx_hal.o
 .debug_line    0x0000000000009a82      0xc36 ./Drivers/STM32F4xx_HAL_Driver/Src/stm32f4xx_hal_cortex.o
 .debug_line    0x000000000000a6b8      0xb0f ./Drivers/STM32F4xx_HAL_Driver/Src/stm32f4xx_hal_gpio.o
 .debug_line    0x000000000000b1c7      0xcec ./Drivers/STM32F4xx_HAL_Driver/Src/stm32f4xx_hal_rcc.o
 .debug_line    0x000000000000beb3     0x296d ./Drivers/STM32F4xx_HAL_Driver/Src/stm32f4xx_hal_tim.o

.debug_str      0x0000000000000000    0xc7bff
 .debug_str     0x0000000000000000     0x7db7 ./Core/Src/OS/OS.o
                                       0x8002 (size before relaxing)
 .debug_str     0x0000000000007db7       0x72 ./Core/Src/OS/OS_Callbacks.o
                                       0x7de6 (size before relaxing)
 .debug_str     0x0000000000007e29      0x183 ./Core/Src/OS/OS_Heap.o
                                       0x7ebd (size before relaxing)
 .debug_str     0x0000000000007fac      0x495 ./Core/Src/OS/OS_Internal.o
                                       0x82b9 (size before relaxing)
 .debug_str     0x0000000000008441      0x118 ./Core/Src/OS/OS_MsgQ.o
                                       0x835b (size before relaxing)
 .debug_str     0x0000000000008559       0x8f ./Core/Src/OS/OS_Mutex.o
                                       0x824f (size before relaxing)
 .debug_str     0x00000000000085e8      0x10a ./Core/Src/OS/OS_Obj.o
                                       0x82df (size before relaxing)
 .debug_str     0x00000000000086f2       0xdd ./Core/Src/OS/OS_Scheduler.o
                                       0x821c (size before relaxing)
 .debug_str     0x00000000000087cf       0xe2 ./Core/Src/OS/OS_Tasks.o
                                       0x83cf (size before relaxing)
 .debug_str     0x00000000000088b1       0x4a ./Core/Src/OS/OS_Tick.o
                                       0x806b (size before relaxing)
 .debug_str     0x00000000000088fb    0xbc7c4 ./Core/Src/gpio.o
                                      0xc07d5 (size before relaxing)
 .debug_str     0x00000000000c50bf      0xa7f ./Core/Src/main.o
                                      0xc4cc1 (size before relaxing)
 .debug_str     0x00000000000c5b3e       0x2c ./Core/Src/stm32f4xx_hal_msp.o
                                      0xc06f9 (size before relaxing)
 .debug_str     0x00000000000c5b6a       0xe4 ./Core/Src/stm32f4xx_it.o
                                      0xc3f5b (size before relaxing)
 .debug_str     0x00000000000c5c4e       0xa5 ./Core/Src/system_stm32f4xx.o
                                      0xc0129 (size before relaxing)
 .debug_str     0x00000000000c5cf3      0x420 ./Core/Src/tim.o
                                      0xc06b8 (size before relaxing)
 .debug_str     0x00000000000c6113       0x36 ./Core/Startup/startup_stm32f407vgtx.o
                                         0x71 (size before relaxing)
 .debug_str     0x00000000000c6149      0x612 ./Drivers/STM32F4xx_HAL_Driver/Src/stm32f4xx_hal.o
                                      0xc0c98 (size before relaxing)
 .debug_str     0x00000000000c675b      0x32d ./Drivers/STM32F4xx_HAL_Driver/Src/stm32f4xx_hal_cortex.o
                                      0xc09cb (size before relaxing)
 .debug_str     0x00000000000c6a88      0x1a5 ./Drivers/STM32F4xx_HAL_Driver/Src/stm32f4xx_hal_gpio.o
                                      0xc033c (size before relaxing)
 .debug_str     0x00000000000c6c2d      0x233 ./Drivers/STM32F4xx_HAL_Driver/Src/stm32f4xx_hal_rcc.o
                                      0xc0548 (size before relaxing)
 .debug_str     0x00000000000c6e60      0xd9f ./Drivers/STM32F4xx_HAL_Driver/Src/stm32f4xx_hal_tim.o
                                      0xc1280 (size before relaxing)

.comment        0x0000000000000000       0x50
 .comment       0x0000000000000000       0x50 ./Core/Src/OS/OS.o
                                         0x51 (size before relaxing)
 .comment       0x0000000000000050       0x51 ./Core/Src/OS/OS_Callbacks.o
 .comment       0x0000000000000050       0x51 ./Core/Src/OS/OS_Heap.o
 .comment       0x0000000000000050       0x51 ./Core/Src/OS/OS_Internal.o
 .comment       0x0000000000000050       0x51 ./Core/Src/OS/OS_MsgQ.o
 .comment       0x0000000000000050       0x51 ./Core/Src/OS/OS_Mutex.o
 .comment       0x0000000000000050       0x51 ./Core/Src/OS/OS_Obj.o
 .comment       0x0000000000000050       0x51 ./Core/Src/OS/OS_Scheduler.o
 .comment       0x0000000000000050       0x51 ./Core/Src/OS/OS_Tasks.o
 .comment       0x0000000000000050       0x51 ./Core/Src/OS/OS_Tick.o
 .comment       0x0000000000000050       0x51 ./Core/Src/gpio.o
 .comment       0x0000000000000050       0x51 ./Core/Src/main.o
 .comment       0x0000000000000050       0x51 ./Core/Src/stm32f4xx_hal_msp.o
 .comment       0x0000000000000050       0x51 ./Core/Src/stm32f4xx_it.o
 .comment       0x0000000000000050       0x51 ./Core/Src/system_stm32f4xx.o
 .comment       0x0000000000000050       0x51 ./Core/Src/tim.o
 .comment       0x0000000000000050       0x51 ./Drivers/STM32F4xx_HAL_Driver/Src/stm32f4xx_hal.o
 .comment       0x0000000000000050       0x51 ./Drivers/STM32F4xx_HAL_Driver/Src/stm32f4xx_hal_cortex.o
 .comment       0x0000000000000050       0x51 ./Drivers/STM32F4xx_HAL_Driver/Src/stm32f4xx_hal_gpio.o
 .comment       0x0000000000000050       0x51 ./Drivers/STM32F4xx_HAL_Driver/Src/stm32f4xx_hal_rcc.o
 .comment       0x0000000000000050       0x51 ./Drivers/STM32F4xx_HAL_Driver/Src/stm32f4xx_hal_tim.o

.debug_frame    0x0000000000000000     0x2bd4
 .debug_frame   0x0000000000000000       0x58 ./Core/Src/OS/OS.o
 .debug_frame   0x0000000000000058       0xbc ./Core/Src/OS/OS_Callbacks.o
 .debug_frame   0x0000000000000114      0x11c ./Core/Src/OS/OS_Heap.o
 .debug_frame   0x0000000000000230      0x244 ./Core/Src/OS/OS_Internal.o
 .debug_frame   0x0000000000000474      0x11c ./Core/Src/OS/OS_MsgQ.o
 .debug_frame   0x0000000000000590       0xf0 ./Core/Src/OS/OS_Mutex.o
 .debug_frame   0x0000000000000680      0x194 ./Core/Src/OS/OS_Obj.o
 .debug_frame   0x0000000000000814       0xd4 ./Core/Src/OS/OS_Scheduler.o
 .debug_frame   0x00000000000008e8      0x208 ./Core/Src/OS/OS_Tasks.o
 .debug_frame   0x0000000000000af0       0x54 ./Core/Src/OS/OS_Tick.o
 .debug_frame   0x0000000000000b44       0x34 ./Core/Src/gpio.o
 .debug_frame   0x0000000000000b78      0x144 ./Core/Src/main.o
 .debug_frame   0x0000000000000cbc       0x34 ./Core/Src/stm32f4xx_hal_msp.o
 .debug_frame   0x0000000000000cf0      0x108 ./Core/Src/stm32f4xx_it.o
 .debug_frame   0x0000000000000df8       0x58 ./Core/Src/system_stm32f4xx.o
 .debug_frame   0x0000000000000e50       0x7c ./Core/Src/tim.o
 .debug_frame   0x0000000000000ecc      0x374 ./Drivers/STM32F4xx_HAL_Driver/Src/stm32f4xx_hal.o
 .debug_frame   0x0000000000001240      0x498 ./Drivers/STM32F4xx_HAL_Driver/Src/stm32f4xx_hal_cortex.o
 .debug_frame   0x00000000000016d8      0x14c ./Drivers/STM32F4xx_HAL_Driver/Src/stm32f4xx_hal_gpio.o
 .debug_frame   0x0000000000001824      0x1f4 ./Drivers/STM32F4xx_HAL_Driver/Src/stm32f4xx_hal_rcc.o
 .debug_frame   0x0000000000001a18     0x10f0 ./Drivers/STM32F4xx_HAL_Driver/Src/stm32f4xx_hal_tim.o
 .debug_frame   0x0000000000002b08       0x2c c:/st/stm32cubeide_1.3.0/stm32cubeide/plugins/com.st.stm32cube.ide.mcu.externaltools.gnu-tools-for-stm32.10.3-2021.10.win32_1.0.0.202111181127/tools/bin/../lib/gcc/arm-none-eabi/10.3.1/../../../../arm-none-eabi/lib/thumb/v7e-m+fp/hard\libc_nano.a(lib_a-init.o)
 .debug_frame   0x0000000000002b34       0x20 c:/st/stm32cubeide_1.3.0/stm32cubeide/plugins/com.st.stm32cube.ide.mcu.externaltools.gnu-tools-for-stm32.10.3-2021.10.win32_1.0.0.202111181127/tools/bin/../lib/gcc/arm-none-eabi/10.3.1/../../../../arm-none-eabi/lib/thumb/v7e-m+fp/hard\libc_nano.a(lib_a-memset.o)
 .debug_frame   0x0000000000002b54       0x20 c:/st/stm32cubeide_1.3.0/stm32cubeide/plugins/com.st.stm32cube.ide.mcu.externaltools.gnu-tools-for-stm32.10.3-2021.10.win32_1.0.0.202111181127/tools/bin/../lib/gcc/arm-none-eabi/10.3.1/../../../../arm-none-eabi/lib/thumb/v7e-m+fp/hard\libc_nano.a(lib_a-strcmp.o)
 .debug_frame   0x0000000000002b74       0x2c c:/st/stm32cubeide_1.3.0/stm32cubeide/plugins/com.st.stm32cube.ide.mcu.externaltools.gnu-tools-for-stm32.10.3-2021.10.win32_1.0.0.202111181127/tools/bin/../lib/gcc/arm-none-eabi/10.3.1/thumb/v7e-m+fp/hard\libgcc.a(_aeabi_uldivmod.o)
 .debug_frame   0x0000000000002ba0       0x34 c:/st/stm32cubeide_1.3.0/stm32cubeide/plugins/com.st.stm32cube.ide.mcu.externaltools.gnu-tools-for-stm32.10.3-2021.10.win32_1.0.0.202111181127/tools/bin/../lib/gcc/arm-none-eabi/10.3.1/thumb/v7e-m+fp/hard\libgcc.a(_udivmoddi4.o)
