OS_Tasks.c:46:17:os_task_init_stack	24	static,ignoring_inline_asm
OS_Tasks.c:97:17:os_task_getFreeCount	24	static
OS_Tasks.c:129:17:os_task_objTake	16	static
OS_Tasks.c:155:10:os_task_init	32	static
OS_Tasks.c:249:6:os_task_must_yeild	24	static,ignoring_inline_asm
OS_Tasks.c:301:10:os_task_create	40	static
OS_Tasks.c:437:6:os_task_end	8	static
OS_Tasks.c:457:10:os_task_return	24	static,ignoring_inline_asm
OS_Tasks.c:513:10:os_task_delete	32	static,ignoring_inline_asm
OS_Tasks.c:645:6:os_task_yeild	4	static
OS_Tasks.c:663:8:os_task_getPrio	24	static
OS_Tasks.c:690:10:os_task_sleep	24	static,ignoring_inline_asm
OS_Tasks.c:737:7:os_task_getReturn	24	static
OS_Tasks.c:765:17:os_task_getState	24	static
